// Jest Snapshot v1, https://goo.gl/fbAQLP

exports[`Heading should render a heading 1 1`] = `
<h1
  class="sc-bcXHqe gKaYpH"
>
  Heading
</h1>
`;

exports[`Heading should render a heading 2 1`] = `
<h2
  class="sc-gswNZR gWRsUQ"
>
  Heading
</h2>
`;

exports[`Heading should render a heading 3 1`] = `
<h3
  class="sc-dkrFOg cZktjy"
>
  Heading
</h3>
`;

exports[`Heading should render a heading 4 1`] = `
<h4
  class="sc-hLBbgP cMErrE"
>
  Heading
</h4>
`;

exports[`Heading should render a heading 5 1`] = `
<h5
  class="sc-eDvSVe bOWnby"
>
  Heading
</h5>
`;

exports[`Heading should render a heading 6 1`] = `
<h6
  class="sc-jSUZER eUOdIN"
>
  Heading
</h6>
`;

exports[`Heading should render correctly 1`] = `
<h1
  class="sc-bcXHqe gKaYpH"
>
  Heading
</h1>
`;
